
> simple-form-app@1.0.0 build
> vite build

[36mvite v5.4.21 [32mbuilding for production...[36m[39m
transforming...
[32mÔ£ô[39m 83 modules transformed.
rendering chunks...
computing gzip size...
[2mdist/[22m[32mindex.html                [39m[1m[2m  0.40 kB[22m[1m[22m[2m Ôöé gzip:  0.27 kB[22m
[2mdist/[22m[36massets/index-CCH0aUHZ.js  [39m[1m[2m332.60 kB[22m[1m[22m[2m Ôöé gzip: 99.90 kB[22m
[32mÔ£ô built in 6.01s[39m
